{
    "cluster_id": "LIS-5",
    "cluster_number": 5,
    "organism": "Listeria monocytogenes",
    "size": 2,
    "representative": "test_db5",
    "AD_threshold": 10,
    "root_members": [
        "test_new13"
    ],
    "subclusters": [
        {
            "subcluster_id": "LIS-5.1",
            "subcluster_number": 1,
            "size": 1,
            "representative": "test_db5",
            "AD_threshold": 5,
            "members": [
                "test_db5"
            ]
        }
    ],
    "distance_matrix": [
        {
            "test_db5": 0,
            "test_new13": 5
        },
        {
            "test_db5": 5,
            "test_new13": 0
        }
    ]
}