{
    "cluster_id": "LIS-4",
    "cluster_number": 4,
    "organism": "Listeria monocytogenes",
    "size": 4,
    "representative": "test_db4",
    "AD_threshold": 10,
    "root_members": [],
    "subclusters": [
        {
            "subcluster_id": "LIS-4.1",
            "subcluster_number": 1,
            "size": 2,
            "representative": "test_db4",
            "AD_threshold": 5,
            "members": [
                "test_db4",
                "test_db9"
            ]
        },
        {
            "subcluster_id": "LIS-4.2",
            "subcluster_number": 2,
            "size": 2,
            "representative": "test_new9",
            "AD_threshold": 5,
            "members": [
                "test_new9",
                "test_new10"
            ]
        }
    ]
}