{
    "cluster_id": "LIS-8",
    "cluster_number": 8,
    "size": 2,
    "representative": "test_db6",
    "AD_threshold": 10,
    "root_members": [],
    "subclusters": [
        {
            "subcluster_id": "LIS-8.1",
            "subcluster_number": 1,
            "size": 2,
            "representative": "test_db6",
            "AD_threshold": 5,
            "members": [
                "test_db6",
                "test_new14"
            ]
        }
    ]
}