{
    "cluster_id": "LIS-2",
    "cluster_number": 2,
    "organism": "Listeria monocytogenes",
    "size": 4,
    "representative": "test_db3",
    "AD_threshold": 10,
    "root_members": [],
    "subclusters": [
        {
            "subcluster_id": "LIS-2.1",
            "subcluster_number": 1,
            "size": 2,
            "representative": "test_db3",
            "AD_threshold": 5,
            "members": [
                "test_db3",
                "test_new1"
            ]
        },
        {
            "subcluster_id": "LIS-2.2",
            "subcluster_number": 2,
            "size": 2,
            "representative": "test_new2",
            "AD_threshold": 5,
            "members": [
                "test_new2",
                "test_new3"
            ]
        }
    ]
}